src/components/layout/MainLayout.tsx(7,1): error TS6133: 'cn' is declared but its value is never read.
src/components/layout/MainLayout.tsx(29,25): error TS2322: Type '{ onToggleSidebar: () => any; }' is not assignable to type 'IntrinsicAttributes'.
  Property 'onToggleSidebar' does not exist on type 'IntrinsicAttributes'.
src/components/layout/MainLayout.tsx(29,48): error TS2304: Cannot find name 'setSidebarOpen'.
src/components/layout/MainLayout.tsx(29,64): error TS2304: Cannot find name 'isSidebarOpen'.
src/components/shared/GlobalSearch.tsx(16,5): error TS6133: 'FileText' is declared but its value is never read.
src/components/shared/GlobalSearch.tsx(24,1): error TS6133: 'es' is declared but its value is never read.
src/features/admin/components/ScheduleColumns.tsx(2,33): error TS6133: 'User' is declared but its value is never read.
src/features/admin/pages/ConsultingRoomsPage.tsx(4,5): error TS6133: 'Trash2' is declared but its value is never read.
src/features/admin/pages/ConsultingRoomsPage.tsx(6,5): error TS6133: 'Edit2' is declared but its value is never read.
src/features/admin/pages/ConsultingRoomsPage.tsx(7,5): error TS6133: 'Columns' is declared but its value is never read.
src/features/admin/pages/ConsultingRoomsPage.tsx(19,1): error TS6192: All imports in import declaration are unused.
src/features/admin/pages/SchedulePage.tsx(43,1): error TS6192: All imports in import declaration are unused.
src/features/admin/pages/UsersPage.tsx(4,1): error TS6133: 'z' is declared but its value is never read.
src/features/admin/pages/UsersPage.tsx(20,5): error TS6133: 'DialogTrigger' is declared but its value is never read.
src/features/admin/pages/UsersPage.tsx(38,1): error TS6133: 'Switch' is declared but its value is never read.
src/features/appointment/components/AppointmentFormUI.tsx(25,15): error TS2459: Module '"@/features/appointment/hooks/useAppointmentForm"' declares 'AppointmentFormValues' locally, but it is not exported.
src/features/appointment/hooks/useAppointmentForm.ts(59,42): error TS2339: Property 'data' does not exist on type 'Appointment'.
src/features/appointment/hooks/useAppointments.ts(4,1): error TS6133: 'Appointment' is declared but its value is never read.
src/features/appointment/hooks/useAppointments.ts(7,1): error TS6133: 'UserRole' is declared but its value is never read.
src/features/appointment/hooks/useAppointments.ts(10,11): error TS6133: 'user' is declared but its value is never read.
src/features/clinical-history/hooks/useClinicalHistory.ts(5,1): error TS6133: 'ClinicalHistory' is declared but its value is never read.
src/features/clinical-history/hooks/useClinicalHistoryForm.ts(7,15): error TS6196: 'Patient' is declared but never used.
src/features/clinical-history/hooks/useClinicalHistoryForm.ts(59,41): error TS2339: Property 'data' does not exist on type 'SpecialtyTemplate'.
src/features/clinical-history/pages/ClinicalHistoryListPage.tsx(13,1): error TS6133: 'UserRole' is declared but its value is never read.
src/features/clinical-history/pages/ClinicalHistoryListPage.tsx(16,11): error TS6133: 'user' is declared but its value is never read.
src/features/clinical-history/pages/ClinicalHistoryNoteListPage.tsx(13,1): error TS6133: 'UserRole' is declared but its value is never read.
src/features/clinical-history/pages/ClinicalHistoryNoteListPage.tsx(16,11): error TS6133: 'user' is declared but its value is never read.
src/features/patient/hooks/usePatient.ts(4,1): error TS6192: All imports in import declaration are unused.
src/features/patient/hooks/usePatient.ts(10,11): error TS6133: 'doctorId' is declared but its value is never read.
src/features/patient/hooks/usePatients.ts(4,1): error TS6133: 'Patient' is declared but its value is never read.
src/features/patient/hooks/usePatients.ts(6,1): error TS6133: 'UserRole' is declared but its value is never read.
src/features/patient/hooks/usePatients.ts(9,11): error TS6133: 'user' is declared but its value is never read.
src/store/auth.store.ts(3,35): error TS6196: 'LoginResponse' is declared but never used.
src/store/auth.store.ts(14,22): error TS2304: Cannot find name 'RegisterRequest'.
